Copyright 1986-2019 Xilinx, Inc. All Rights Reserved.
--------------------------------------------------------------------------------------------
| Tool Version : Vivado v.2019.2 (win64) Build 2708876 Wed Nov  6 21:40:23 MST 2019
| Date         : Tue Nov 15 18:35:47 2022
| Host         : DESKTOP-OFVEEAG running 64-bit major release  (build 9200)
| Command      : report_control_sets -verbose -file mcs_top_vanilla_control_sets_placed.rpt
| Design       : mcs_top_vanilla
| Device       : xc7a100t
--------------------------------------------------------------------------------------------

Control Set Information

Table of Contents
-----------------
1. Summary
2. Histogram
3. Flip-Flop Distribution
4. Detailed Control Set Information

1. Summary
----------

+----------------------------------------------------------+-------+
|                          Status                          | Count |
+----------------------------------------------------------+-------+
| Total control sets                                       |    44 |
|    Minimum number of control sets                        |    44 |
|    Addition due to synthesis replication                 |     0 |
|    Addition due to physical synthesis replication        |     0 |
| Unused register locations in slices containing registers |    80 |
+----------------------------------------------------------+-------+
* Control sets can be merged at opt_design using control_set_merge or merge_equivalent_drivers
** Run report_qor_suggestions for automated merging and remapping suggestions


2. Histogram
------------

+--------------------+-------+
|       Fanout       | Count |
+--------------------+-------+
| Total control sets |    44 |
| >= 0 to < 4        |     4 |
| >= 4 to < 6        |     5 |
| >= 6 to < 8        |     1 |
| >= 8 to < 10       |     7 |
| >= 10 to < 12      |     1 |
| >= 12 to < 14      |     8 |
| >= 14 to < 16      |     1 |
| >= 16              |    17 |
+--------------------+-------+
* Control sets can be remapped at either synth_design or opt_design


3. Flip-Flop Distribution
-------------------------

+--------------+-----------------------+------------------------+-----------------+--------------+
| Clock Enable | Synchronous Set/Reset | Asynchronous Set/Reset | Total Registers | Total Slices |
+--------------+-----------------------+------------------------+-----------------+--------------+
| No           | No                    | No                     |              66 |           22 |
| No           | No                    | Yes                    |              47 |           23 |
| No           | Yes                   | No                     |              83 |           46 |
| Yes          | No                    | No                     |              32 |           25 |
| Yes          | No                    | Yes                    |             243 |           82 |
| Yes          | Yes                   | No                     |             169 |           56 |
+--------------+-----------------------+------------------------+-----------------+--------------+


4. Detailed Control Set Information
-----------------------------------

+----------------+--------------------------------------------------------------------------------------------------------------------+------------------------------------------------------------------------------------------------------------------------------+------------------+----------------+
|  Clock Signal  |                                                    Enable Signal                                                   |                                                       Set/Reset Signal                                                       | Slice Load Count | Bel Load Count |
+----------------+--------------------------------------------------------------------------------------------------------------------+------------------------------------------------------------------------------------------------------------------------------+------------------+----------------+
|  clk_IBUF_BUFG |                                                                                                                    | cpu_unit/inst/microblaze_I/U0/MicroBlaze_Core_I/Area.Core/Decode_I/MSR_Rst                                                   |                1 |              1 |
|  clk_IBUF_BUFG |                                                                                                                    | cpu_unit/inst/microblaze_I/U0/MicroBlaze_Core_I/Area.Core/Decode_I/Using_FPGA.New_Carry_MUXCY/Use_Async_Reset.sync_reset_reg |                1 |              1 |
|  clk_IBUF_BUFG | cpu_unit/inst/microblaze_I/U0/MicroBlaze_Core_I/Area.Core/Decode_I/MTSMSR_Write                                    | cpu_unit/inst/microblaze_I/U0/MicroBlaze_Core_I/sync_reset                                                                   |                1 |              1 |
|  clk_IBUF_BUFG |                                                                                                                    | cpu_unit/inst/rst_0/U0/peripheral_reset[0]                                                                                   |                3 |              3 |
|  clk_IBUF_BUFG |                                                                                                                    | cpu_unit/inst/microblaze_I/U0/MicroBlaze_Core_I/Area.Core/Decode_I/Using_FPGA.MUXCY_JUMP_CARRY3/S_0                          |                2 |              4 |
|  clk_IBUF_BUFG | mmio_unit/uart_slot1/uart_unit/uart_rx_unit/s_next                                                                 | mmio_unit/user_slot4/genblk1[2].inst/reset_n                                                                                 |                3 |              4 |
|  clk_IBUF_BUFG |                                                                                                                    | cpu_unit/inst/rst_0/U0/bus_struct_reset[0]                                                                                   |                2 |              4 |
|  clk_IBUF_BUFG | mmio_unit/uart_slot1/uart_unit/uart_tx_unit/s_next                                                                 | mmio_unit/user_slot4/genblk1[2].inst/reset_n                                                                                 |                2 |              4 |
|  clk_IBUF_BUFG |                                                                                                                    | cpu_unit/inst/rst_0/U0/EXT_LPF/lpf_int                                                                                       |                2 |              5 |
|  clk_IBUF_BUFG | cpu_unit/inst/rst_0/U0/SEQ/seq_cnt_en                                                                              | cpu_unit/inst/rst_0/U0/SEQ/SEQ_COUNTER/clear                                                                                 |                1 |              6 |
|  clk_IBUF_BUFG | mmio_unit/uart_slot1/uart_unit/uart_rx_unit/E[0]                                                                   | mmio_unit/user_slot4/genblk1[2].inst/reset_n                                                                                 |                3 |              8 |
|  clk_IBUF_BUFG | mmio_unit/uart_slot1/uart_unit/uart_rx_unit/full_logic_reg[0]                                                      | mmio_unit/user_slot4/genblk1[2].inst/reset_n                                                                                 |                3 |              8 |
|  clk_IBUF_BUFG | mmio_unit/uart_slot1/uart_unit/uart_tx_unit/empty_logic_reg[0]                                                     | mmio_unit/user_slot4/genblk1[2].inst/reset_n                                                                                 |                3 |              8 |
|  clk_IBUF_BUFG | mmio_unit/uart_slot1/uart_unit/uart_tx_unit/b_next_0                                                               | mmio_unit/user_slot4/genblk1[2].inst/reset_n                                                                                 |                2 |              8 |
|  clk_IBUF_BUFG | mmio_unit/uart_slot1/uart_unit/uart_tx_unit/E[0]                                                                   | mmio_unit/user_slot4/genblk1[2].inst/reset_n                                                                                 |                3 |              8 |
|  clk_IBUF_BUFG | mmio_unit/uart_slot1/uart_unit/uart_rx_unit/b_next                                                                 | mmio_unit/user_slot4/genblk1[2].inst/reset_n                                                                                 |                3 |              8 |
|  clk_IBUF_BUFG | cpu_unit/inst/microblaze_I/U0/MicroBlaze_Core_I/Area.Core/Decode_I/Using_FPGA.of_PipeRun_MuxCY_1/mul_Executing_reg | cpu_unit/inst/microblaze_I/U0/MicroBlaze_Core_I/Area.Core/Decode_I/Using_FPGA.MUXCY_JUMP_CARRY3/S66_out                      |                3 |              8 |
|  clk_IBUF_BUFG | mmio_unit/uart_slot1/wr_dvsr                                                                                       | mmio_unit/user_slot4/genblk1[2].inst/reset_n                                                                                 |                4 |             11 |
|  clk_IBUF_BUFG | mmio_unit/uart_slot1/uart_unit/fifo_rx_unit/c_unit/w_ptr_logic_reg[7]_0                                            |                                                                                                                              |                3 |             12 |
|  clk_IBUF_BUFG | mmio_unit/uart_slot1/uart_unit/fifo_rx_unit/c_unit/w_ptr_logic_reg[6]_0                                            |                                                                                                                              |                3 |             12 |
|  clk_IBUF_BUFG | mmio_unit/uart_slot1/uart_unit/fifo_rx_unit/c_unit/full_logic_reg_1                                                |                                                                                                                              |                3 |             12 |
|  clk_IBUF_BUFG | mmio_unit/uart_slot1/uart_unit/fifo_tx_unit/c_unit/full_logic_reg_1                                                |                                                                                                                              |                3 |             12 |
|  clk_IBUF_BUFG | mmio_unit/uart_slot1/uart_unit/fifo_tx_unit/c_unit/full_logic_reg_2                                                |                                                                                                                              |                3 |             12 |
|  clk_IBUF_BUFG | mmio_unit/uart_slot1/uart_unit/fifo_tx_unit/c_unit/w_ptr_logic_reg[7]_0                                            |                                                                                                                              |                3 |             12 |
|  clk_IBUF_BUFG | mmio_unit/uart_slot1/uart_unit/fifo_rx_unit/c_unit/full_logic_reg_2                                                |                                                                                                                              |                3 |             12 |
|  clk_IBUF_BUFG | mmio_unit/uart_slot1/uart_unit/fifo_tx_unit/c_unit/w_ptr_logic_reg[6]_0                                            |                                                                                                                              |                3 |             12 |
|  clk_IBUF_BUFG | cpu_unit/inst/microblaze_I/U0/MicroBlaze_Core_I/Area.Core/Decode_I/Using_FPGA.MUXCY_JUMP_CARRY3/PC_Write           | cpu_unit/inst/microblaze_I/U0/MicroBlaze_Core_I/sync_reset                                                                   |                5 |             15 |
|  clk_IBUF_BUFG |                                                                                                                    | cpu_unit/inst/microblaze_I/U0/MicroBlaze_Core_I/sync_reset                                                                   |                8 |             16 |
|  clk_IBUF_BUFG | mmio_unit/user_slot4/bufCountVal[1][15]_i_1_n_0                                                                    | mmio_unit/user_slot4/genblk1[2].inst/reset_n                                                                                 |                5 |             16 |
|  clk_IBUF_BUFG | mmio_unit/user_slot4/bufCountVal[3][15]_i_1_n_0                                                                    | mmio_unit/user_slot4/genblk1[2].inst/reset_n                                                                                 |                6 |             16 |
|  clk_IBUF_BUFG | mmio_unit/user_slot4/bufCountVal[2][15]_i_1_n_0                                                                    | mmio_unit/user_slot4/genblk1[2].inst/reset_n                                                                                 |                6 |             16 |
|  clk_IBUF_BUFG | mmio_unit/user_slot4/bufCountVal                                                                                   | mmio_unit/user_slot4/genblk1[2].inst/reset_n                                                                                 |                6 |             16 |
|  clk_IBUF_BUFG | cpu_unit/inst/microblaze_I/U0/MicroBlaze_Core_I/Area.Core/Decode_I/PreFetch_Buffer_I/of_valid_FDR_I/E[0]           | cpu_unit/inst/microblaze_I/U0/MicroBlaze_Core_I/sync_reset                                                                   |                8 |             16 |
|  clk_IBUF_BUFG |                                                                                                                    | mmio_unit/user_slot4/clock_enable_inst/clk_counter[0]_i_1_n_0                                                                |                5 |             17 |
|  clk_IBUF_BUFG |                                                                                                                    | cpu_unit/inst/iomodule_0/U0/Using_IO_Bus.io_bus_read_data[31]_i_1_n_0                                                        |               22 |             32 |
|  clk_IBUF_BUFG | cpu_unit/inst/microblaze_I/U0/MicroBlaze_Core_I/Area.Core/Decode_I/Using_FPGA.of_PipeRun_MuxCY_1/mul_Executing_reg |                                                                                                                              |               25 |             32 |
|  clk_IBUF_BUFG | cpu_unit/inst/iomodule_0/U0/IO_Addr_Strobe00_in                                                                    | cpu_unit/inst/rst_0/U0/peripheral_reset[0]                                                                                   |               12 |             33 |
|  clk_IBUF_BUFG |                                                                                                                    | mmio_unit/user_slot4/genblk1[2].inst/reset_n                                                                                 |               23 |             47 |
|  clk_IBUF_BUFG | cpu_unit/inst/microblaze_I/U0/MicroBlaze_Core_I/Area.Core/Decode_I/Using_FPGA.clean_iReady_MuxCY/IReady            |                                                                                                                              |               11 |             47 |
|  clk_IBUF_BUFG | mmio_unit/timer_slot0/count_reg[47]_i_1_n_0                                                                        | mmio_unit/user_slot4/genblk1[2].inst/reset_n                                                                                 |               17 |             48 |
|  clk_IBUF_BUFG | mmio_unit/user_slot4/clock_enable_inst/clk_en                                                                      | mmio_unit/user_slot4/genblk1[2].inst/reset_n                                                                                 |               16 |             64 |
|  clk_IBUF_BUFG |                                                                                                                    |                                                                                                                              |               23 |             69 |
|  clk_IBUF_BUFG | cpu_unit/inst/microblaze_I/U0/MicroBlaze_Core_I/Area.Core/Decode_I/Using_FPGA.of_PipeRun_MuxCY_1/mul_Executing_reg | cpu_unit/inst/microblaze_I/U0/MicroBlaze_Core_I/sync_reset                                                                   |               26 |             90 |
|  clk_IBUF_BUFG | cpu_unit/inst/microblaze_I/U0/MicroBlaze_Core_I/Area.Core/Decode_I/Reg_Write                                       |                                                                                                                              |               32 |            128 |
+----------------+--------------------------------------------------------------------------------------------------------------------+------------------------------------------------------------------------------------------------------------------------------+------------------+----------------+


